  pch.cpp
  AirDrop_Bomb.cpp
  Collision_Manager.cpp
  Drone.cpp
  GameObject.cpp
  IOCP_Server.cpp
  MainServer.cpp
  Normal_Potan.cpp
  ObjectManager.cpp
  Packet_Handler.cpp
  Player.cpp
  Room.cpp
C:\Users\kkth3\OneDrive\문서\GitHub\JOL_Server\Server\GameServer\Room.cpp(678,60): warning C4267: '=': 'size_t'에서 'int'(으)로 변환하면서 데이터가 손실될 수 있습니다.
  (소스 파일 '/Room.cpp'을(를) 컴파일하는 중)
  
C:\Users\kkth3\OneDrive\문서\GitHub\JOL_Server\Server\GameServer\Room.cpp(1222,60): warning C4244: '인수': 'float'에서 'uint8'(으)로 변환하면서 데이터가 손실될 수 있습니다.
  (소스 파일 '/Room.cpp'을(를) 컴파일하는 중)
  
C:\Users\kkth3\OneDrive\문서\GitHub\JOL_Server\Server\GameServer\Room.cpp(1222,49): warning C4244: '인수': 'float'에서 'uint8'(으)로 변환하면서 데이터가 손실될 수 있습니다.
  (소스 파일 '/Room.cpp'을(를) 컴파일하는 중)
  
  RoomJobPool.cpp
  Room_Manager.cpp
  SGlobal.cpp
  Session.cpp
  Session_Manager.cpp
  Tank.cpp
C:\Users\kkth3\OneDrive\문서\GitHub\JOL_Server\Server\GameServer\Tank.cpp(1,1): warning C4819: 현재 코드 페이지(949)에서 표시할 수 없는 문자가 파일에 들어 있습니다. 데이터가 손실되지 않게 하려면 해당 파일을 유니코드 형식으로 저장하십시오.
  Terrain_Manager.cpp
  TransformObject.cpp
  Tree.cpp
  컴파일하고 있습니다...
  Weapon.cpp
  코드를 생성하고 있습니다.
  Previous IPDB and IOBJ mismatch, fall back to full compilation.
  All 2562 functions were compiled because no usable IPDB/IOBJ from previous compilation was found.
  코드를 생성했습니다.
  GameServer.vcxproj -> C:\Users\kkth3\OneDrive\문서\GitHub\JOL_Server\Server\Binary\Release\GameServer.exe
