c:\users\kkth3\onedrive\문서\github\250531\server\gameserver\x64\release\gameserver.pch
c:\users\kkth3\onedrive\문서\github\250531\server\gameserver\x64\release\vc143.pdb
c:\users\kkth3\onedrive\문서\github\250531\server\gameserver\x64\release\pch.obj
c:\users\kkth3\onedrive\문서\github\250531\server\gameserver\x64\release\tree.obj
c:\users\kkth3\onedrive\문서\github\250531\server\gameserver\x64\release\transformobject.obj
c:\users\kkth3\onedrive\문서\github\250531\server\gameserver\x64\release\terrain_manager.obj
c:\users\kkth3\onedrive\문서\github\250531\server\gameserver\x64\release\tank.obj
c:\users\kkth3\onedrive\문서\github\250531\server\gameserver\x64\release\session_manager.obj
c:\users\kkth3\onedrive\문서\github\250531\server\gameserver\x64\release\session.obj
c:\users\kkth3\onedrive\문서\github\250531\server\gameserver\x64\release\sglobal.obj
c:\users\kkth3\onedrive\문서\github\250531\server\gameserver\x64\release\room_manager.obj
c:\users\kkth3\onedrive\문서\github\250531\server\gameserver\x64\release\roomjobpool.obj
c:\users\kkth3\onedrive\문서\github\250531\server\gameserver\x64\release\room.obj
c:\users\kkth3\onedrive\문서\github\250531\server\gameserver\x64\release\player.obj
c:\users\kkth3\onedrive\문서\github\250531\server\gameserver\x64\release\packet_handler.obj
c:\users\kkth3\onedrive\문서\github\250531\server\gameserver\x64\release\objectmanager.obj
c:\users\kkth3\onedrive\문서\github\250531\server\gameserver\x64\release\normal_potan.obj
c:\users\kkth3\onedrive\문서\github\250531\server\gameserver\x64\release\mainserver.obj
c:\users\kkth3\onedrive\문서\github\250531\server\gameserver\x64\release\iocp_server.obj
c:\users\kkth3\onedrive\문서\github\250531\server\gameserver\x64\release\gameobject.obj
c:\users\kkth3\onedrive\문서\github\250531\server\gameserver\x64\release\drone.obj
c:\users\kkth3\onedrive\문서\github\250531\server\gameserver\x64\release\collision_manager.obj
c:\users\kkth3\onedrive\문서\github\250531\server\gameserver\x64\release\airdrop_bomb.obj
c:\users\kkth3\onedrive\문서\github\250531\server\gameserver\x64\release\weapon.obj
c:\users\kkth3\onedrive\문서\github\250531\server\binary\release\gameserver.exe
c:\users\kkth3\onedrive\문서\github\250531\server\binary\release\gameserver.pdb
c:\users\kkth3\onedrive\문서\github\250531\server\gameserver\x64\release\gameserver.ipdb
c:\users\kkth3\onedrive\문서\github\250531\server\gameserver\x64\release\gameserver.iobj
c:\users\kkth3\onedrive\문서\github\250531\server\gameserver\x64\release\gameserver.tlog\cl.command.1.tlog
c:\users\kkth3\onedrive\문서\github\250531\server\gameserver\x64\release\gameserver.tlog\cl.items.tlog
c:\users\kkth3\onedrive\문서\github\250531\server\gameserver\x64\release\gameserver.tlog\cl.read.1.tlog
c:\users\kkth3\onedrive\문서\github\250531\server\gameserver\x64\release\gameserver.tlog\cl.write.1.tlog
c:\users\kkth3\onedrive\문서\github\250531\server\gameserver\x64\release\gameserver.tlog\link.command.1.tlog
c:\users\kkth3\onedrive\문서\github\250531\server\gameserver\x64\release\gameserver.tlog\link.read.1.tlog
c:\users\kkth3\onedrive\문서\github\250531\server\gameserver\x64\release\gameserver.tlog\link.secondary.1.tlog
c:\users\kkth3\onedrive\문서\github\250531\server\gameserver\x64\release\gameserver.tlog\link.write.1.tlog
